Analysis & Synthesis report for divider_structural
Tue Aug 25 23:54:36 2026
Quartus Prime Version 20.1.0 Build 711 06/05/2020 SJ Lite Edition


---------------------
; Table of Contents ;
---------------------
  1. Legal Notice
  2. Analysis & Synthesis Summary
  3. Analysis & Synthesis Settings
  4. Parallel Compilation
  5. Analysis & Synthesis Source Files Read
  6. Analysis & Synthesis Resource Usage Summary
  7. Analysis & Synthesis Resource Utilization by Entity
  8. State Machine - |r4_div_top|r4_div_controller:CONTROLLER|current_state
  9. Registers Removed During Synthesis
 10. General Register Statistics
 11. Multiplexer Restructuring Statistics (Restructuring Performed)
 12. Parameter Settings for User Entity Instance: Top-level Entity: |r4_div_top
 13. Parameter Settings for User Entity Instance: r4_div_controller:CONTROLLER|up_counter:ITR_CNT
 14. Parameter Settings for User Entity Instance: r4_div_datapath:DATAPATH
 15. Parameter Settings for User Entity Instance: r4_div_datapath:DATAPATH|register:REG_D
 16. Parameter Settings for User Entity Instance: r4_div_datapath:DATAPATH|mux_2_to_1:INIT_WC_MUX
 17. Parameter Settings for User Entity Instance: r4_div_datapath:DATAPATH|mux_2_to_1:INIT_WS_MUX
 18. Parameter Settings for User Entity Instance: r4_div_datapath:DATAPATH|register:REG_WC
 19. Parameter Settings for User Entity Instance: r4_div_datapath:DATAPATH|register:REG_WS
 20. Parameter Settings for User Entity Instance: r4_div_datapath:DATAPATH|mux_3_to_1:MUX_3
 21. Parameter Settings for User Entity Instance: r4_div_datapath:DATAPATH|add_sub_csa:LOOP_ADDER
 22. Parameter Settings for User Entity Instance: r4_div_datapath:DATAPATH|add_sub_csa:LOOP_ADDER|csa:internal_csa
 23. Parameter Settings for User Entity Instance: r4_div_datapath:DATAPATH|otfc_block:OTFC
 24. Parameter Settings for User Entity Instance: r4_div_datapath:DATAPATH|termination_block:TERMINATION
 25. Parameter Settings for User Entity Instance: r4_div_datapath:DATAPATH|termination_block:TERMINATION|adder:assimilation_cpa
 26. Parameter Settings for User Entity Instance: r4_div_datapath:DATAPATH|termination_block:TERMINATION|adder:correction_adder
 27. Port Connectivity Checks: "r4_div_datapath:DATAPATH|termination_block:TERMINATION|adder:correction_adder"
 28. Port Connectivity Checks: "r4_div_datapath:DATAPATH|termination_block:TERMINATION|adder:assimilation_cpa"
 29. Port Connectivity Checks: "r4_div_datapath:DATAPATH|add_sub_csa:LOOP_ADDER|csa:internal_csa"
 30. Port Connectivity Checks: "r4_div_datapath:DATAPATH|add_sub_csa:LOOP_ADDER"
 31. Port Connectivity Checks: "r4_div_datapath:DATAPATH|mux_3_to_1:MUX_3"
 32. Port Connectivity Checks: "r4_div_datapath:DATAPATH|register:REG_WS"
 33. Port Connectivity Checks: "r4_div_datapath:DATAPATH|register:REG_WC"
 34. Port Connectivity Checks: "r4_div_datapath:DATAPATH|mux_2_to_1:INIT_WS_MUX"
 35. Port Connectivity Checks: "r4_div_datapath:DATAPATH|mux_2_to_1:INIT_WC_MUX"
 36. Port Connectivity Checks: "r4_div_datapath:DATAPATH|register:REG_D"
 37. Post-Synthesis Netlist Statistics for Top Partition
 38. Elapsed Time Per Partition
 39. Analysis & Synthesis Messages
 40. Analysis & Synthesis Suppressed Messages



----------------
; Legal Notice ;
----------------
Copyright (C) 2020  Intel Corporation. All rights reserved.
Your use of Intel Corporation's design tools, logic functions 
and other software and tools, and any partner logic 
functions, and any output files from any of the foregoing 
(including device programming or simulation files), and any 
associated documentation or information are expressly subject 
to the terms and conditions of the Intel Program License 
Subscription Agreement, the Intel Quartus Prime License Agreement,
the Intel FPGA IP License Agreement, or other applicable license
agreement, including, without limitation, that your use is for
the sole purpose of programming logic devices manufactured by
Intel and sold by Intel or its authorized distributors.  Please
refer to the applicable agreement for further details, at
https://fpgasoftware.intel.com/eula.



+----------------------------------------------------------------------------------+
; Analysis & Synthesis Summary                                                     ;
+------------------------------------+---------------------------------------------+
; Analysis & Synthesis Status        ; Successful - Tue Aug 25 23:54:36 2026       ;
; Quartus Prime Version              ; 20.1.0 Build 711 06/05/2020 SJ Lite Edition ;
; Revision Name                      ; divider_structural                          ;
; Top-level Entity Name              ; r4_div_top                                  ;
; Family                             ; Cyclone IV E                                ;
; Total logic elements               ; 465                                         ;
;     Total combinational functions  ; 433                                         ;
;     Dedicated logic registers      ; 173                                         ;
; Total registers                    ; 173                                         ;
; Total pins                         ; 132                                         ;
; Total virtual pins                 ; 0                                           ;
; Total memory bits                  ; 0                                           ;
; Embedded Multiplier 9-bit elements ; 0                                           ;
; Total PLLs                         ; 0                                           ;
+------------------------------------+---------------------------------------------+


+------------------------------------------------------------------------------------------------------------+
; Analysis & Synthesis Settings                                                                              ;
+------------------------------------------------------------------+--------------------+--------------------+
; Option                                                           ; Setting            ; Default Value      ;
+------------------------------------------------------------------+--------------------+--------------------+
; Top-level entity name                                            ; r4_div_top         ; divider_structural ;
; Family name                                                      ; Cyclone IV E       ; Cyclone V          ;
; Use smart compilation                                            ; Off                ; Off                ;
; Enable parallel Assembler and Timing Analyzer during compilation ; On                 ; On                 ;
; Enable compact report table                                      ; Off                ; Off                ;
; Restructure Multiplexers                                         ; Auto               ; Auto               ;
; Create Debugging Nodes for IP Cores                              ; Off                ; Off                ;
; Preserve fewer node names                                        ; On                 ; On                 ;
; Intel FPGA IP Evaluation Mode                                    ; Enable             ; Enable             ;
; Verilog Version                                                  ; Verilog_2001       ; Verilog_2001       ;
; VHDL Version                                                     ; VHDL_1993          ; VHDL_1993          ;
; State Machine Processing                                         ; Auto               ; Auto               ;
; Safe State Machine                                               ; Off                ; Off                ;
; Extract Verilog State Machines                                   ; On                 ; On                 ;
; Extract VHDL State Machines                                      ; On                 ; On                 ;
; Ignore Verilog initial constructs                                ; Off                ; Off                ;
; Iteration limit for constant Verilog loops                       ; 5000               ; 5000               ;
; Iteration limit for non-constant Verilog loops                   ; 250                ; 250                ;
; Add Pass-Through Logic to Inferred RAMs                          ; On                 ; On                 ;
; Infer RAMs from Raw Logic                                        ; On                 ; On                 ;
; Parallel Synthesis                                               ; On                 ; On                 ;
; DSP Block Balancing                                              ; Auto               ; Auto               ;
; NOT Gate Push-Back                                               ; On                 ; On                 ;
; Power-Up Don't Care                                              ; On                 ; On                 ;
; Remove Redundant Logic Cells                                     ; Off                ; Off                ;
; Remove Duplicate Registers                                       ; On                 ; On                 ;
; Ignore CARRY Buffers                                             ; Off                ; Off                ;
; Ignore CASCADE Buffers                                           ; Off                ; Off                ;
; Ignore GLOBAL Buffers                                            ; Off                ; Off                ;
; Ignore ROW GLOBAL Buffers                                        ; Off                ; Off                ;
; Ignore LCELL Buffers                                             ; Off                ; Off                ;
; Ignore SOFT Buffers                                              ; On                 ; On                 ;
; Limit AHDL Integers to 32 Bits                                   ; Off                ; Off                ;
; Optimization Technique                                           ; Balanced           ; Balanced           ;
; Carry Chain Length                                               ; 70                 ; 70                 ;
; Auto Carry Chains                                                ; On                 ; On                 ;
; Auto Open-Drain Pins                                             ; On                 ; On                 ;
; Perform WYSIWYG Primitive Resynthesis                            ; Off                ; Off                ;
; Auto ROM Replacement                                             ; On                 ; On                 ;
; Auto RAM Replacement                                             ; On                 ; On                 ;
; Auto DSP Block Replacement                                       ; On                 ; On                 ;
; Auto Shift Register Replacement                                  ; Auto               ; Auto               ;
; Allow Shift Register Merging across Hierarchies                  ; Auto               ; Auto               ;
; Auto Clock Enable Replacement                                    ; On                 ; On                 ;
; Strict RAM Replacement                                           ; Off                ; Off                ;
; Allow Synchronous Control Signals                                ; On                 ; On                 ;
; Force Use of Synchronous Clear Signals                           ; Off                ; Off                ;
; Auto RAM Block Balancing                                         ; On                 ; On                 ;
; Auto RAM to Logic Cell Conversion                                ; Off                ; Off                ;
; Auto Resource Sharing                                            ; Off                ; Off                ;
; Allow Any RAM Size For Recognition                               ; Off                ; Off                ;
; Allow Any ROM Size For Recognition                               ; Off                ; Off                ;
; Allow Any Shift Register Size For Recognition                    ; Off                ; Off                ;
; Use LogicLock Constraints during Resource Balancing              ; On                 ; On                 ;
; Ignore translate_off and synthesis_off directives                ; Off                ; Off                ;
; Timing-Driven Synthesis                                          ; On                 ; On                 ;
; Report Parameter Settings                                        ; On                 ; On                 ;
; Report Source Assignments                                        ; On                 ; On                 ;
; Report Connectivity Checks                                       ; On                 ; On                 ;
; Ignore Maximum Fan-Out Assignments                               ; Off                ; Off                ;
; Synchronization Register Chain Length                            ; 2                  ; 2                  ;
; Power Optimization During Synthesis                              ; Normal compilation ; Normal compilation ;
; HDL message level                                                ; Level2             ; Level2             ;
; Suppress Register Optimization Related Messages                  ; Off                ; Off                ;
; Number of Removed Registers Reported in Synthesis Report         ; 5000               ; 5000               ;
; Number of Swept Nodes Reported in Synthesis Report               ; 5000               ; 5000               ;
; Number of Inverted Registers Reported in Synthesis Report        ; 100                ; 100                ;
; Clock MUX Protection                                             ; On                 ; On                 ;
; Auto Gated Clock Conversion                                      ; Off                ; Off                ;
; Block Design Naming                                              ; Auto               ; Auto               ;
; SDC constraint protection                                        ; Off                ; Off                ;
; Synthesis Effort                                                 ; Auto               ; Auto               ;
; Shift Register Replacement - Allow Asynchronous Clear Signal     ; On                 ; On                 ;
; Pre-Mapping Resynthesis Optimization                             ; Off                ; Off                ;
; Analysis & Synthesis Message Level                               ; Medium             ; Medium             ;
; Disable Register Merging Across Hierarchies                      ; Auto               ; Auto               ;
; Resource Aware Inference For Block RAM                           ; On                 ; On                 ;
+------------------------------------------------------------------+--------------------+--------------------+


+------------------------------------------+
; Parallel Compilation                     ;
+----------------------------+-------------+
; Processors                 ; Number      ;
+----------------------------+-------------+
; Number detected on machine ; 12          ;
; Maximum allowed            ; 10          ;
;                            ;             ;
; Average used               ; 1.00        ;
; Maximum used               ; 10          ;
;                            ;             ;
; Usage by Processor         ; % Time Used ;
;     Processor 1            ; 100.0%      ;
;     Processors 2-10        ;   0.0%      ;
+----------------------------+-------------+


+------------------------------------------------------------------------------------------------------------------------------------------+
; Analysis & Synthesis Source Files Read                                                                                                   ;
+----------------------------------+-----------------+------------------------+--------------------------------------------------+---------+
; File Name with User-Entered Path ; Used in Netlist ; File Type              ; File Name with Absolute Path                     ; Library ;
+----------------------------------+-----------------+------------------------+--------------------------------------------------+---------+
; topmodule.v                      ; yes             ; User Verilog HDL File  ; D:/Division/dividercodes/structural/topmodule.v  ;         ;
; datapath.v                       ; yes             ; User Verilog HDL File  ; D:/Division/dividercodes/structural/datapath.v   ;         ;
; controller.v                     ; yes             ; User Verilog HDL File  ; D:/Division/dividercodes/structural/controller.v ;         ;
; components.v                     ; yes             ; User Verilog HDL File  ; D:/Division/dividercodes/structural/components.v ;         ;
+----------------------------------+-----------------+------------------------+--------------------------------------------------+---------+


+---------------------------------------------------------+
; Analysis & Synthesis Resource Usage Summary             ;
+---------------------------------------------+-----------+
; Resource                                    ; Usage     ;
+---------------------------------------------+-----------+
; Estimated Total logic elements              ; 465       ;
;                                             ;           ;
; Total combinational functions               ; 433       ;
; Logic element usage by number of LUT inputs ;           ;
;     -- 4 input functions                    ; 173       ;
;     -- 3 input functions                    ; 240       ;
;     -- <=2 input functions                  ; 20        ;
;                                             ;           ;
; Logic elements by mode                      ;           ;
;     -- normal mode                          ; 358       ;
;     -- arithmetic mode                      ; 75        ;
;                                             ;           ;
; Total registers                             ; 173       ;
;     -- Dedicated logic registers            ; 173       ;
;     -- I/O registers                        ; 0         ;
;                                             ;           ;
; I/O pins                                    ; 132       ;
;                                             ;           ;
; Embedded Multiplier 9-bit elements          ; 0         ;
;                                             ;           ;
; Maximum fan-out node                        ; clk~input ;
; Maximum fan-out                             ; 173       ;
; Total fan-out                               ; 2228      ;
; Average fan-out                             ; 2.56      ;
+---------------------------------------------+-----------+


+-------------------------------------------------------------------------------------------------------------------------------------------------------------------------------------------------------------------------------------------------------------------------------------------------+
; Analysis & Synthesis Resource Utilization by Entity                                                                                                                                                                                                                                             ;
+---------------------------------------+---------------------+---------------------------+-------------+--------------+---------+-----------+------+--------------+-------------------------------------------------------------------------------------------+-------------------+--------------+
; Compilation Hierarchy Node            ; Combinational ALUTs ; Dedicated Logic Registers ; Memory Bits ; DSP Elements ; DSP 9x9 ; DSP 18x18 ; Pins ; Virtual Pins ; Full Hierarchy Name                                                                       ; Entity Name       ; Library Name ;
+---------------------------------------+---------------------+---------------------------+-------------+--------------+---------+-----------+------+--------------+-------------------------------------------------------------------------------------------+-------------------+--------------+
; |r4_div_top                           ; 433 (0)             ; 173 (0)                   ; 0           ; 0            ; 0       ; 0         ; 132  ; 0            ; |r4_div_top                                                                               ; r4_div_top        ; work         ;
;    |r4_div_controller:CONTROLLER|     ; 16 (11)             ; 9 (4)                     ; 0           ; 0            ; 0       ; 0         ; 0    ; 0            ; |r4_div_top|r4_div_controller:CONTROLLER                                                  ; r4_div_controller ; work         ;
;       |up_counter:ITR_CNT|            ; 5 (5)               ; 5 (5)                     ; 0           ; 0            ; 0       ; 0         ; 0    ; 0            ; |r4_div_top|r4_div_controller:CONTROLLER|up_counter:ITR_CNT                               ; up_counter        ; work         ;
;    |r4_div_datapath:DATAPATH|         ; 417 (39)            ; 164 (0)                   ; 0           ; 0            ; 0       ; 0         ; 0    ; 0            ; |r4_div_top|r4_div_datapath:DATAPATH                                                      ; r4_div_datapath   ; work         ;
;       |add_sub_csa:LOOP_ADDER|        ; 58 (0)              ; 0 (0)                     ; 0           ; 0            ; 0       ; 0         ; 0    ; 0            ; |r4_div_top|r4_div_datapath:DATAPATH|add_sub_csa:LOOP_ADDER                               ; add_sub_csa       ; work         ;
;          |csa:internal_csa|           ; 58 (58)             ; 0 (0)                     ; 0           ; 0            ; 0       ; 0         ; 0    ; 0            ; |r4_div_top|r4_div_datapath:DATAPATH|add_sub_csa:LOOP_ADDER|csa:internal_csa              ; csa               ; work         ;
;       |mux_2_to_1:INIT_WC_MUX|        ; 33 (33)             ; 0 (0)                     ; 0           ; 0            ; 0       ; 0         ; 0    ; 0            ; |r4_div_top|r4_div_datapath:DATAPATH|mux_2_to_1:INIT_WC_MUX                               ; mux_2_to_1        ; work         ;
;       |mux_2_to_1:INIT_WS_MUX|        ; 38 (38)             ; 0 (0)                     ; 0           ; 0            ; 0       ; 0         ; 0    ; 0            ; |r4_div_top|r4_div_datapath:DATAPATH|mux_2_to_1:INIT_WS_MUX                               ; mux_2_to_1        ; work         ;
;       |mux_3_to_1:MUX_3|              ; 32 (32)             ; 0 (0)                     ; 0           ; 0            ; 0       ; 0         ; 0    ; 0            ; |r4_div_top|r4_div_datapath:DATAPATH|mux_3_to_1:MUX_3                                     ; mux_3_to_1        ; work         ;
;       |otfc_block:OTFC|               ; 67 (67)             ; 64 (64)                   ; 0           ; 0            ; 0       ; 0         ; 0    ; 0            ; |r4_div_top|r4_div_datapath:DATAPATH|otfc_block:OTFC                                      ; otfc_block        ; work         ;
;       |q_sel_structural:Q_SEL|        ; 51 (51)             ; 0 (0)                     ; 0           ; 0            ; 0       ; 0         ; 0    ; 0            ; |r4_div_top|r4_div_datapath:DATAPATH|q_sel_structural:Q_SEL                               ; q_sel_structural  ; work         ;
;       |register:REG_D|                ; 0 (0)               ; 32 (32)                   ; 0           ; 0            ; 0       ; 0         ; 0    ; 0            ; |r4_div_top|r4_div_datapath:DATAPATH|register:REG_D                                       ; register          ; work         ;
;       |register:REG_WC|               ; 0 (0)               ; 33 (33)                   ; 0           ; 0            ; 0       ; 0         ; 0    ; 0            ; |r4_div_top|r4_div_datapath:DATAPATH|register:REG_WC                                      ; register          ; work         ;
;       |register:REG_WS|               ; 0 (0)               ; 35 (35)                   ; 0           ; 0            ; 0       ; 0         ; 0    ; 0            ; |r4_div_top|r4_div_datapath:DATAPATH|register:REG_WS                                      ; register          ; work         ;
;       |termination_block:TERMINATION| ; 99 (0)              ; 0 (0)                     ; 0           ; 0            ; 0       ; 0         ; 0    ; 0            ; |r4_div_top|r4_div_datapath:DATAPATH|termination_block:TERMINATION                        ; termination_block ; work         ;
;          |adder:assimilation_cpa|     ; 35 (35)             ; 0 (0)                     ; 0           ; 0            ; 0       ; 0         ; 0    ; 0            ; |r4_div_top|r4_div_datapath:DATAPATH|termination_block:TERMINATION|adder:assimilation_cpa ; adder             ; work         ;
;          |adder:correction_adder|     ; 64 (64)             ; 0 (0)                     ; 0           ; 0            ; 0       ; 0         ; 0    ; 0            ; |r4_div_top|r4_div_datapath:DATAPATH|termination_block:TERMINATION|adder:correction_adder ; adder             ; work         ;
+---------------------------------------+---------------------+---------------------------+-------------+--------------+---------+-----------+------+--------------+-------------------------------------------------------------------------------------------+-------------------+--------------+
Note: For table entries with two numbers listed, the numbers in parentheses indicate the number of resources of the given type used by the specific entity alone. The numbers listed outside of parentheses indicate the total resources of the given type used by the specific entity and all of its sub-entities in the hierarchy.


Encoding Type:  One-Hot
+------------------------------------------------------------------------------------------------------------+
; State Machine - |r4_div_top|r4_div_controller:CONTROLLER|current_state                                     ;
+----------------------+--------------------+----------------------+--------------------+--------------------+
; Name                 ; current_state.DONE ; current_state.DIVIDE ; current_state.INIT ; current_state.IDLE ;
+----------------------+--------------------+----------------------+--------------------+--------------------+
; current_state.IDLE   ; 0                  ; 0                    ; 0                  ; 0                  ;
; current_state.INIT   ; 0                  ; 0                    ; 1                  ; 1                  ;
; current_state.DIVIDE ; 0                  ; 1                    ; 0                  ; 1                  ;
; current_state.DONE   ; 1                  ; 0                    ; 0                  ; 1                  ;
+----------------------+--------------------+----------------------+--------------------+--------------------+


+------------------------------------------------------------------------------------------+
; Registers Removed During Synthesis                                                       ;
+-------------------------------------------------+----------------------------------------+
; Register name                                   ; Reason for Removal                     ;
+-------------------------------------------------+----------------------------------------+
; r4_div_datapath:DATAPATH|register:REG_WC|q[1,2] ; Stuck at GND due to stuck port data_in ;
; r4_div_controller:CONTROLLER|current_state~2    ; Lost fanout                            ;
; r4_div_controller:CONTROLLER|current_state~3    ; Lost fanout                            ;
; Total Number of Removed Registers = 4           ;                                        ;
+-------------------------------------------------+----------------------------------------+


+------------------------------------------------------+
; General Register Statistics                          ;
+----------------------------------------------+-------+
; Statistic                                    ; Value ;
+----------------------------------------------+-------+
; Total registers                              ; 173   ;
; Number of registers using Synchronous Clear  ; 65    ;
; Number of registers using Synchronous Load   ; 0     ;
; Number of registers using Asynchronous Clear ; 0     ;
; Number of registers using Asynchronous Load  ; 0     ;
; Number of registers using Clock Enable       ; 169   ;
; Number of registers using Preset             ; 0     ;
+----------------------------------------------+-------+


+--------------------------------------------------------------------------------------------------------------------------------------------------------------------------------+
; Multiplexer Restructuring Statistics (Restructuring Performed)                                                                                                                 ;
+--------------------+-----------+---------------+----------------------+------------------------+------------+------------------------------------------------------------------+
; Multiplexer Inputs ; Bus Width ; Baseline Area ; Area if Restructured ; Saving if Restructured ; Registered ; Example Multiplexer Output                                       ;
+--------------------+-----------+---------------+----------------------+------------------------+------------+------------------------------------------------------------------+
; 3:1                ; 5 bits    ; 10 LEs        ; 5 LEs                ; 5 LEs                  ; Yes        ; |r4_div_top|r4_div_controller:CONTROLLER|up_counter:ITR_CNT|q[0] ;
; 6:1                ; 2 bits    ; 8 LEs         ; 4 LEs                ; 4 LEs                  ; Yes        ; |r4_div_top|r4_div_datapath:DATAPATH|otfc_block:OTFC|QM[0]       ;
; 6:1                ; 2 bits    ; 8 LEs         ; 4 LEs                ; 4 LEs                  ; Yes        ; |r4_div_top|r4_div_datapath:DATAPATH|otfc_block:OTFC|Q[1]        ;
; 6:1                ; 60 bits   ; 240 LEs       ; 120 LEs              ; 120 LEs                ; Yes        ; |r4_div_top|r4_div_datapath:DATAPATH|otfc_block:OTFC|Q[2]        ;
; 3:1                ; 30 bits   ; 60 LEs        ; 60 LEs               ; 0 LEs                  ; No         ; |r4_div_top|r4_div_datapath:DATAPATH|mux_3_to_1:MUX_3|y[17]      ;
; 8:1                ; 4 bits    ; 20 LEs        ; 16 LEs               ; 4 LEs                  ; No         ; |r4_div_top|r4_div_controller:CONTROLLER|current_state           ;
+--------------------+-----------+---------------+----------------------+------------------------+------------+------------------------------------------------------------------+


+----------------------------------------------------------------------------+
; Parameter Settings for User Entity Instance: Top-level Entity: |r4_div_top ;
+----------------+-------+---------------------------------------------------+
; Parameter Name ; Value ; Type                                              ;
+----------------+-------+---------------------------------------------------+
; WIDTH          ; 32    ; Signed Integer                                    ;
+----------------+-------+---------------------------------------------------+
Note: In order to hide this table in the UI and the text report file, please set the "Show Parameter Settings in Synthesis Report" option in "Analysis and Synthesis Settings -> More Settings" to "Off".


+----------------------------------------------------------------------------------------------+
; Parameter Settings for User Entity Instance: r4_div_controller:CONTROLLER|up_counter:ITR_CNT ;
+----------------+-------+---------------------------------------------------------------------+
; Parameter Name ; Value ; Type                                                                ;
+----------------+-------+---------------------------------------------------------------------+
; WIDTH          ; 5     ; Signed Integer                                                      ;
+----------------+-------+---------------------------------------------------------------------+
Note: In order to hide this table in the UI and the text report file, please set the "Show Parameter Settings in Synthesis Report" option in "Analysis and Synthesis Settings -> More Settings" to "Off".


+-----------------------------------------------------------------------+
; Parameter Settings for User Entity Instance: r4_div_datapath:DATAPATH ;
+----------------+-------+----------------------------------------------+
; Parameter Name ; Value ; Type                                         ;
+----------------+-------+----------------------------------------------+
; WIDTH          ; 32    ; Signed Integer                               ;
+----------------+-------+----------------------------------------------+
Note: In order to hide this table in the UI and the text report file, please set the "Show Parameter Settings in Synthesis Report" option in "Analysis and Synthesis Settings -> More Settings" to "Off".


+--------------------------------------------------------------------------------------+
; Parameter Settings for User Entity Instance: r4_div_datapath:DATAPATH|register:REG_D ;
+----------------+-------+-------------------------------------------------------------+
; Parameter Name ; Value ; Type                                                        ;
+----------------+-------+-------------------------------------------------------------+
; WIDTH          ; 32    ; Signed Integer                                              ;
+----------------+-------+-------------------------------------------------------------+
Note: In order to hide this table in the UI and the text report file, please set the "Show Parameter Settings in Synthesis Report" option in "Analysis and Synthesis Settings -> More Settings" to "Off".


+----------------------------------------------------------------------------------------------+
; Parameter Settings for User Entity Instance: r4_div_datapath:DATAPATH|mux_2_to_1:INIT_WC_MUX ;
+----------------+-------+---------------------------------------------------------------------+
; Parameter Name ; Value ; Type                                                                ;
+----------------+-------+---------------------------------------------------------------------+
; WIDTH          ; 35    ; Signed Integer                                                      ;
+----------------+-------+---------------------------------------------------------------------+
Note: In order to hide this table in the UI and the text report file, please set the "Show Parameter Settings in Synthesis Report" option in "Analysis and Synthesis Settings -> More Settings" to "Off".


+----------------------------------------------------------------------------------------------+
; Parameter Settings for User Entity Instance: r4_div_datapath:DATAPATH|mux_2_to_1:INIT_WS_MUX ;
+----------------+-------+---------------------------------------------------------------------+
; Parameter Name ; Value ; Type                                                                ;
+----------------+-------+---------------------------------------------------------------------+
; WIDTH          ; 35    ; Signed Integer                                                      ;
+----------------+-------+---------------------------------------------------------------------+
Note: In order to hide this table in the UI and the text report file, please set the "Show Parameter Settings in Synthesis Report" option in "Analysis and Synthesis Settings -> More Settings" to "Off".


+---------------------------------------------------------------------------------------+
; Parameter Settings for User Entity Instance: r4_div_datapath:DATAPATH|register:REG_WC ;
+----------------+-------+--------------------------------------------------------------+
; Parameter Name ; Value ; Type                                                         ;
+----------------+-------+--------------------------------------------------------------+
; WIDTH          ; 35    ; Signed Integer                                               ;
+----------------+-------+--------------------------------------------------------------+
Note: In order to hide this table in the UI and the text report file, please set the "Show Parameter Settings in Synthesis Report" option in "Analysis and Synthesis Settings -> More Settings" to "Off".


+---------------------------------------------------------------------------------------+
; Parameter Settings for User Entity Instance: r4_div_datapath:DATAPATH|register:REG_WS ;
+----------------+-------+--------------------------------------------------------------+
; Parameter Name ; Value ; Type                                                         ;
+----------------+-------+--------------------------------------------------------------+
; WIDTH          ; 35    ; Signed Integer                                               ;
+----------------+-------+--------------------------------------------------------------+
Note: In order to hide this table in the UI and the text report file, please set the "Show Parameter Settings in Synthesis Report" option in "Analysis and Synthesis Settings -> More Settings" to "Off".


+----------------------------------------------------------------------------------------+
; Parameter Settings for User Entity Instance: r4_div_datapath:DATAPATH|mux_3_to_1:MUX_3 ;
+----------------+-------+---------------------------------------------------------------+
; Parameter Name ; Value ; Type                                                          ;
+----------------+-------+---------------------------------------------------------------+
; WIDTH          ; 35    ; Signed Integer                                                ;
+----------------+-------+---------------------------------------------------------------+
Note: In order to hide this table in the UI and the text report file, please set the "Show Parameter Settings in Synthesis Report" option in "Analysis and Synthesis Settings -> More Settings" to "Off".


+----------------------------------------------------------------------------------------------+
; Parameter Settings for User Entity Instance: r4_div_datapath:DATAPATH|add_sub_csa:LOOP_ADDER ;
+----------------+-------+---------------------------------------------------------------------+
; Parameter Name ; Value ; Type                                                                ;
+----------------+-------+---------------------------------------------------------------------+
; WIDTH          ; 35    ; Signed Integer                                                      ;
+----------------+-------+---------------------------------------------------------------------+
Note: In order to hide this table in the UI and the text report file, please set the "Show Parameter Settings in Synthesis Report" option in "Analysis and Synthesis Settings -> More Settings" to "Off".


+---------------------------------------------------------------------------------------------------------------+
; Parameter Settings for User Entity Instance: r4_div_datapath:DATAPATH|add_sub_csa:LOOP_ADDER|csa:internal_csa ;
+----------------+-------+--------------------------------------------------------------------------------------+
; Parameter Name ; Value ; Type                                                                                 ;
+----------------+-------+--------------------------------------------------------------------------------------+
; WIDTH          ; 35    ; Signed Integer                                                                       ;
+----------------+-------+--------------------------------------------------------------------------------------+
Note: In order to hide this table in the UI and the text report file, please set the "Show Parameter Settings in Synthesis Report" option in "Analysis and Synthesis Settings -> More Settings" to "Off".


+---------------------------------------------------------------------------------------+
; Parameter Settings for User Entity Instance: r4_div_datapath:DATAPATH|otfc_block:OTFC ;
+----------------+-------+--------------------------------------------------------------+
; Parameter Name ; Value ; Type                                                         ;
+----------------+-------+--------------------------------------------------------------+
; WIDTH          ; 32    ; Signed Integer                                               ;
+----------------+-------+--------------------------------------------------------------+
Note: In order to hide this table in the UI and the text report file, please set the "Show Parameter Settings in Synthesis Report" option in "Analysis and Synthesis Settings -> More Settings" to "Off".


+-----------------------------------------------------------------------------------------------------+
; Parameter Settings for User Entity Instance: r4_div_datapath:DATAPATH|termination_block:TERMINATION ;
+----------------+-------+----------------------------------------------------------------------------+
; Parameter Name ; Value ; Type                                                                       ;
+----------------+-------+----------------------------------------------------------------------------+
; WIDTH          ; 32    ; Signed Integer                                                             ;
+----------------+-------+----------------------------------------------------------------------------+
Note: In order to hide this table in the UI and the text report file, please set the "Show Parameter Settings in Synthesis Report" option in "Analysis and Synthesis Settings -> More Settings" to "Off".


+----------------------------------------------------------------------------------------------------------------------------+
; Parameter Settings for User Entity Instance: r4_div_datapath:DATAPATH|termination_block:TERMINATION|adder:assimilation_cpa ;
+----------------+-------+---------------------------------------------------------------------------------------------------+
; Parameter Name ; Value ; Type                                                                                              ;
+----------------+-------+---------------------------------------------------------------------------------------------------+
; WIDTH          ; 35    ; Signed Integer                                                                                    ;
+----------------+-------+---------------------------------------------------------------------------------------------------+
Note: In order to hide this table in the UI and the text report file, please set the "Show Parameter Settings in Synthesis Report" option in "Analysis and Synthesis Settings -> More Settings" to "Off".


+----------------------------------------------------------------------------------------------------------------------------+
; Parameter Settings for User Entity Instance: r4_div_datapath:DATAPATH|termination_block:TERMINATION|adder:correction_adder ;
+----------------+-------+---------------------------------------------------------------------------------------------------+
; Parameter Name ; Value ; Type                                                                                              ;
+----------------+-------+---------------------------------------------------------------------------------------------------+
; WIDTH          ; 32    ; Signed Integer                                                                                    ;
+----------------+-------+---------------------------------------------------------------------------------------------------+
Note: In order to hide this table in the UI and the text report file, please set the "Show Parameter Settings in Synthesis Report" option in "Analysis and Synthesis Settings -> More Settings" to "Off".


+-----------------------------------------------------------------------------------------------------------+
; Port Connectivity Checks: "r4_div_datapath:DATAPATH|termination_block:TERMINATION|adder:correction_adder" ;
+------+--------+----------+--------------------------------------------------------------------------------+
; Port ; Type   ; Severity ; Details                                                                        ;
+------+--------+----------+--------------------------------------------------------------------------------+
; ci   ; Input  ; Info     ; Stuck at GND                                                                   ;
; co   ; Output ; Info     ; Explicitly unconnected                                                         ;
+------+--------+----------+--------------------------------------------------------------------------------+


+---------------------------------------------------------------------------------------------------------------------+
; Port Connectivity Checks: "r4_div_datapath:DATAPATH|termination_block:TERMINATION|adder:assimilation_cpa"           ;
+-----------+--------+----------+-------------------------------------------------------------------------------------+
; Port      ; Type   ; Severity ; Details                                                                             ;
+-----------+--------+----------+-------------------------------------------------------------------------------------+
; ci        ; Input  ; Info     ; Stuck at GND                                                                        ;
; co        ; Output ; Info     ; Explicitly unconnected                                                              ;
; s[33..32] ; Output ; Info     ; Connected to dangling logic. Logic that only feeds a dangling port will be removed. ;
+-----------+--------+----------+-------------------------------------------------------------------------------------+


+------------------------------------------------------------------------------------------------------------------+
; Port Connectivity Checks: "r4_div_datapath:DATAPATH|add_sub_csa:LOOP_ADDER|csa:internal_csa"                     ;
+--------+--------+----------+-------------------------------------------------------------------------------------+
; Port   ; Type   ; Severity ; Details                                                                             ;
+--------+--------+----------+-------------------------------------------------------------------------------------+
; cv[34] ; Output ; Info     ; Connected to dangling logic. Logic that only feeds a dangling port will be removed. ;
+--------+--------+----------+-------------------------------------------------------------------------------------+


+-----------------------------------------------------------------------------+
; Port Connectivity Checks: "r4_div_datapath:DATAPATH|add_sub_csa:LOOP_ADDER" ;
+-------------+-------+----------+--------------------------------------------+
; Port        ; Type  ; Severity ; Details                                    ;
+-------------+-------+----------+--------------------------------------------+
; wc_in[1..0] ; Input ; Info     ; Stuck at GND                               ;
; ws_in[1..0] ; Input ; Info     ; Stuck at GND                               ;
+-------------+-------+----------+--------------------------------------------+


+-----------------------------------------------------------------------+
; Port Connectivity Checks: "r4_div_datapath:DATAPATH|mux_3_to_1:MUX_3" ;
+------------+-------+----------+---------------------------------------+
; Port       ; Type  ; Severity ; Details                               ;
+------------+-------+----------+---------------------------------------+
; i0         ; Input ; Info     ; Stuck at GND                          ;
; i1[34..32] ; Input ; Info     ; Stuck at GND                          ;
; i2[34..33] ; Input ; Info     ; Stuck at GND                          ;
; i2[0]      ; Input ; Info     ; Stuck at GND                          ;
+------------+-------+----------+---------------------------------------+


+----------------------------------------------------------------------+
; Port Connectivity Checks: "r4_div_datapath:DATAPATH|register:REG_WS" ;
+------+-------+----------+--------------------------------------------+
; Port ; Type  ; Severity ; Details                                    ;
+------+-------+----------+--------------------------------------------+
; sclr ; Input ; Info     ; Stuck at GND                               ;
+------+-------+----------+--------------------------------------------+


+----------------------------------------------------------------------+
; Port Connectivity Checks: "r4_div_datapath:DATAPATH|register:REG_WC" ;
+------+-------+----------+--------------------------------------------+
; Port ; Type  ; Severity ; Details                                    ;
+------+-------+----------+--------------------------------------------+
; sclr ; Input ; Info     ; Stuck at GND                               ;
+------+-------+----------+--------------------------------------------+


+-----------------------------------------------------------------------------+
; Port Connectivity Checks: "r4_div_datapath:DATAPATH|mux_2_to_1:INIT_WS_MUX" ;
+------------+-------+----------+---------------------------------------------+
; Port       ; Type  ; Severity ; Details                                     ;
+------------+-------+----------+---------------------------------------------+
; i0[34..32] ; Input ; Info     ; Stuck at GND                                ;
+------------+-------+----------+---------------------------------------------+


+-----------------------------------------------------------------------------+
; Port Connectivity Checks: "r4_div_datapath:DATAPATH|mux_2_to_1:INIT_WC_MUX" ;
+------+-------+----------+---------------------------------------------------+
; Port ; Type  ; Severity ; Details                                           ;
+------+-------+----------+---------------------------------------------------+
; i0   ; Input ; Info     ; Stuck at GND                                      ;
+------+-------+----------+---------------------------------------------------+


+---------------------------------------------------------------------+
; Port Connectivity Checks: "r4_div_datapath:DATAPATH|register:REG_D" ;
+------+-------+----------+-------------------------------------------+
; Port ; Type  ; Severity ; Details                                   ;
+------+-------+----------+-------------------------------------------+
; sclr ; Input ; Info     ; Stuck at GND                              ;
+------+-------+----------+-------------------------------------------+


+-----------------------------------------------------+
; Post-Synthesis Netlist Statistics for Top Partition ;
+-----------------------+-----------------------------+
; Type                  ; Count                       ;
+-----------------------+-----------------------------+
; boundary_port         ; 132                         ;
; cycloneiii_ff         ; 173                         ;
;     ENA               ; 104                         ;
;     ENA SCLR          ; 65                          ;
;     plain             ; 4                           ;
; cycloneiii_lcell_comb ; 433                         ;
;     arith             ; 75                          ;
;         2 data inputs ; 6                           ;
;         3 data inputs ; 69                          ;
;     normal            ; 358                         ;
;         1 data inputs ; 1                           ;
;         2 data inputs ; 13                          ;
;         3 data inputs ; 171                         ;
;         4 data inputs ; 173                         ;
;                       ;                             ;
; Max LUT depth         ; 10.50                       ;
; Average LUT depth     ; 6.03                        ;
+-----------------------+-----------------------------+


+-------------------------------+
; Elapsed Time Per Partition    ;
+----------------+--------------+
; Partition Name ; Elapsed Time ;
+----------------+--------------+
; Top            ; 00:00:00     ;
+----------------+--------------+


+-------------------------------+
; Analysis & Synthesis Messages ;
+-------------------------------+
Info: *******************************************************************
Info: Running Quartus Prime Analysis & Synthesis
    Info: Version 20.1.0 Build 711 06/05/2020 SJ Lite Edition
    Info: Processing started: Tue Aug 25 23:54:28 2026
Info: Command: quartus_map --read_settings_files=on --write_settings_files=off divider_structural -c divider_structural
Warning (18236): Number of processors has not been specified which may cause overloading on shared machines.  Set the global assignment NUM_PARALLEL_PROCESSORS in your QSF to an appropriate value for best performance.
Info (20030): Parallel compilation is enabled and will use 10 of the 10 processors detected
Info (12021): Found 1 design units, including 1 entities, in source file topmodule.v
    Info (12023): Found entity 1: r4_div_top File: D:/Division/dividercodes/structural/topmodule.v Line: 3
Info (12021): Found 1 design units, including 1 entities, in source file tb.v
    Info (12023): Found entity 1: tb_r4_div_top File: D:/Division/dividercodes/structural/tb.v Line: 3
Info (12021): Found 1 design units, including 1 entities, in source file datapath.v
    Info (12023): Found entity 1: r4_div_datapath File: D:/Division/dividercodes/structural/datapath.v Line: 1
Info (12021): Found 1 design units, including 1 entities, in source file controller.v
    Info (12023): Found entity 1: r4_div_controller File: D:/Division/dividercodes/structural/controller.v Line: 1
Info (12021): Found 10 design units, including 10 entities, in source file components.v
    Info (12023): Found entity 1: register File: D:/Division/dividercodes/structural/components.v Line: 1
    Info (12023): Found entity 2: up_counter File: D:/Division/dividercodes/structural/components.v Line: 16
    Info (12023): Found entity 3: mux_2_to_1 File: D:/Division/dividercodes/structural/components.v Line: 30
    Info (12023): Found entity 4: mux_3_to_1 File: D:/Division/dividercodes/structural/components.v Line: 39
    Info (12023): Found entity 5: q_sel_structural File: D:/Division/dividercodes/structural/components.v Line: 50
    Info (12023): Found entity 6: adder File: D:/Division/dividercodes/structural/components.v Line: 144
    Info (12023): Found entity 7: csa File: D:/Division/dividercodes/structural/components.v Line: 154
    Info (12023): Found entity 8: add_sub_csa File: D:/Division/dividercodes/structural/components.v Line: 165
    Info (12023): Found entity 9: termination_block File: D:/Division/dividercodes/structural/components.v Line: 196
    Info (12023): Found entity 10: otfc_block File: D:/Division/dividercodes/structural/components.v Line: 228
Info (12127): Elaborating entity "r4_div_top" for the top level hierarchy
Info (12128): Elaborating entity "r4_div_controller" for hierarchy "r4_div_controller:CONTROLLER" File: D:/Division/dividercodes/structural/topmodule.v Line: 29
Info (12128): Elaborating entity "up_counter" for hierarchy "r4_div_controller:CONTROLLER|up_counter:ITR_CNT" File: D:/Division/dividercodes/structural/controller.v Line: 34
Warning (10230): Verilog HDL assignment warning at components.v(26): truncated value with size 32 to match size of target (5) File: D:/Division/dividercodes/structural/components.v Line: 26
Info (12128): Elaborating entity "r4_div_datapath" for hierarchy "r4_div_datapath:DATAPATH" File: D:/Division/dividercodes/structural/topmodule.v Line: 43
Info (12128): Elaborating entity "register" for hierarchy "r4_div_datapath:DATAPATH|register:REG_D" File: D:/Division/dividercodes/structural/datapath.v Line: 31
Info (12128): Elaborating entity "mux_2_to_1" for hierarchy "r4_div_datapath:DATAPATH|mux_2_to_1:INIT_WC_MUX" File: D:/Division/dividercodes/structural/datapath.v Line: 35
Info (12128): Elaborating entity "register" for hierarchy "r4_div_datapath:DATAPATH|register:REG_WC" File: D:/Division/dividercodes/structural/datapath.v Line: 42
Info (12128): Elaborating entity "q_sel_structural" for hierarchy "r4_div_datapath:DATAPATH|q_sel_structural:Q_SEL" File: D:/Division/dividercodes/structural/datapath.v Line: 55
Info (12128): Elaborating entity "mux_3_to_1" for hierarchy "r4_div_datapath:DATAPATH|mux_3_to_1:MUX_3" File: D:/Division/dividercodes/structural/datapath.v Line: 63
Info (12128): Elaborating entity "add_sub_csa" for hierarchy "r4_div_datapath:DATAPATH|add_sub_csa:LOOP_ADDER" File: D:/Division/dividercodes/structural/datapath.v Line: 72
Info (12128): Elaborating entity "csa" for hierarchy "r4_div_datapath:DATAPATH|add_sub_csa:LOOP_ADDER|csa:internal_csa" File: D:/Division/dividercodes/structural/components.v Line: 191
Info (12128): Elaborating entity "otfc_block" for hierarchy "r4_div_datapath:DATAPATH|otfc_block:OTFC" File: D:/Division/dividercodes/structural/datapath.v Line: 77
Info (12128): Elaborating entity "termination_block" for hierarchy "r4_div_datapath:DATAPATH|termination_block:TERMINATION" File: D:/Division/dividercodes/structural/datapath.v Line: 85
Info (12128): Elaborating entity "adder" for hierarchy "r4_div_datapath:DATAPATH|termination_block:TERMINATION|adder:assimilation_cpa" File: D:/Division/dividercodes/structural/components.v Line: 211
Info (12128): Elaborating entity "adder" for hierarchy "r4_div_datapath:DATAPATH|termination_block:TERMINATION|adder:correction_adder" File: D:/Division/dividercodes/structural/components.v Line: 223
Info (286030): Timing-Driven Synthesis is running
Info (17049): 2 registers lost all their fanouts during netlist optimizations.
Info (144001): Generated suppressed messages file D:/Division/dividercodes/structural/output_files/divider_structural.map.smsg
Info (16010): Generating hard_block partition "hard_block:auto_generated_inst"
    Info (16011): Adding 0 node(s), including 0 DDIO, 0 PLL, 0 transceiver and 0 LCELL
Info (21057): Implemented 598 device resources after synthesis - the final resource count might be different
    Info (21058): Implemented 67 input pins
    Info (21059): Implemented 65 output pins
    Info (21061): Implemented 466 logic cells
Info: Quartus Prime Analysis & Synthesis was successful. 0 errors, 2 warnings
    Info: Peak virtual memory: 4824 megabytes
    Info: Processing ended: Tue Aug 25 23:54:36 2026
    Info: Elapsed time: 00:00:08
    Info: Total CPU time (on all processors): 00:00:17


+------------------------------------------+
; Analysis & Synthesis Suppressed Messages ;
+------------------------------------------+
The suppressed messages can be found in D:/Division/dividercodes/structural/output_files/divider_structural.map.smsg.


