Flow report for divider_structural
Tue Aug 25 23:55:05 2026
Quartus Prime Version 20.1.0 Build 711 06/05/2020 SJ Lite Edition


---------------------
; Table of Contents ;
---------------------
  1. Legal Notice
  2. Flow Summary
  3. Flow Settings
  4. Flow Non-Default Global Settings
  5. Flow Elapsed Time
  6. Flow OS Summary
  7. Flow Log
  8. Flow Messages
  9. Flow Suppressed Messages



----------------
; Legal Notice ;
----------------
Copyright (C) 2020  Intel Corporation. All rights reserved.
Your use of Intel Corporation's design tools, logic functions 
and other software and tools, and any partner logic 
functions, and any output files from any of the foregoing 
(including device programming or simulation files), and any 
associated documentation or information are expressly subject 
to the terms and conditions of the Intel Program License 
Subscription Agreement, the Intel Quartus Prime License Agreement,
the Intel FPGA IP License Agreement, or other applicable license
agreement, including, without limitation, that your use is for
the sole purpose of programming logic devices manufactured by
Intel and sold by Intel or its authorized distributors.  Please
refer to the applicable agreement for further details, at
https://fpgasoftware.intel.com/eula.



+----------------------------------------------------------------------------------+
; Flow Summary                                                                     ;
+------------------------------------+---------------------------------------------+
; Flow Status                        ; Successful - Tue Aug 25 23:55:05 2026       ;
; Quartus Prime Version              ; 20.1.0 Build 711 06/05/2020 SJ Lite Edition ;
; Revision Name                      ; divider_structural                          ;
; Top-level Entity Name              ; r4_div_top                                  ;
; Family                             ; Cyclone IV E                                ;
; Total logic elements               ; 434 / 6,272 ( 7 % )                         ;
;     Total combinational functions  ; 433 / 6,272 ( 7 % )                         ;
;     Dedicated logic registers      ; 173 / 6,272 ( 3 % )                         ;
; Total registers                    ; 173                                         ;
; Total pins                         ; 132 / 180 ( 73 % )                          ;
; Total virtual pins                 ; 0                                           ;
; Total memory bits                  ; 0 / 276,480 ( 0 % )                         ;
; Embedded Multiplier 9-bit elements ; 0 / 30 ( 0 % )                              ;
; Total PLLs                         ; 0 / 2 ( 0 % )                               ;
; Device                             ; EP4CE6F17C6                                 ;
; Timing Models                      ; Final                                       ;
+------------------------------------+---------------------------------------------+


+-----------------------------------------+
; Flow Settings                           ;
+-------------------+---------------------+
; Option            ; Setting             ;
+-------------------+---------------------+
; Start date & time ; 08/25/2026 23:54:29 ;
; Main task         ; Compilation         ;
; Revision Name     ; divider_structural  ;
+-------------------+---------------------+


+------------------------------------------------------------------------------------------------------------------------------+
; Flow Non-Default Global Settings                                                                                             ;
+-------------------------------------+----------------------------------------+--------------------+-------------+------------+
; Assignment Name                     ; Value                                  ; Default Value      ; Entity Name ; Section Id ;
+-------------------------------------+----------------------------------------+--------------------+-------------+------------+
; COMPILER_SIGNATURE_ID               ; 1099280703240.178768946911608          ; --                 ; --          ; --         ;
; PARTITION_COLOR                     ; -- (Not supported for targeted family) ; --                 ; r4_div_top  ; Top        ;
; PARTITION_FITTER_PRESERVATION_LEVEL ; -- (Not supported for targeted family) ; --                 ; r4_div_top  ; Top        ;
; PARTITION_NETLIST_TYPE              ; -- (Not supported for targeted family) ; --                 ; r4_div_top  ; Top        ;
; PROJECT_OUTPUT_DIRECTORY            ; output_files                           ; --                 ; --          ; --         ;
; TOP_LEVEL_ENTITY                    ; r4_div_top                             ; divider_structural ; --          ; --         ;
+-------------------------------------+----------------------------------------+--------------------+-------------+------------+


+--------------------------------------------------------------------------------------------------------------------------+
; Flow Elapsed Time                                                                                                        ;
+----------------------+--------------+-------------------------+---------------------+------------------------------------+
; Module Name          ; Elapsed Time ; Average Processors Used ; Peak Virtual Memory ; Total CPU Time (on all processors) ;
+----------------------+--------------+-------------------------+---------------------+------------------------------------+
; Analysis & Synthesis ; 00:00:08     ; 1.0                     ; 4824 MB             ; 00:00:17                           ;
; Fitter               ; 00:00:08     ; 1.1                     ; 5946 MB             ; 00:00:11                           ;
; Assembler            ; 00:00:02     ; 1.0                     ; 4701 MB             ; 00:00:02                           ;
; Timing Analyzer      ; 00:00:03     ; 1.1                     ; 4863 MB             ; 00:00:02                           ;
; Power Analyzer       ; 00:00:02     ; 1.1                     ; 4914 MB             ; 00:00:02                           ;
; Total                ; 00:00:23     ; --                      ; --                  ; 00:00:34                           ;
+----------------------+--------------+-------------------------+---------------------+------------------------------------+


+------------------------------------------------------------------------------------+
; Flow OS Summary                                                                    ;
+----------------------+------------------+------------+------------+----------------+
; Module Name          ; Machine Hostname ; OS Name    ; OS Version ; Processor type ;
+----------------------+------------------+------------+------------+----------------+
; Analysis & Synthesis ; DESKTOP-B00DRVR  ; Windows 10 ; 10.0       ; x86_64         ;
; Fitter               ; DESKTOP-B00DRVR  ; Windows 10 ; 10.0       ; x86_64         ;
; Assembler            ; DESKTOP-B00DRVR  ; Windows 10 ; 10.0       ; x86_64         ;
; Timing Analyzer      ; DESKTOP-B00DRVR  ; Windows 10 ; 10.0       ; x86_64         ;
; Power Analyzer       ; DESKTOP-B00DRVR  ; Windows 10 ; 10.0       ; x86_64         ;
+----------------------+------------------+------------+------------+----------------+


------------
; Flow Log ;
------------
quartus_map --read_settings_files=on --write_settings_files=off divider_structural -c divider_structural
quartus_fit --read_settings_files=off --write_settings_files=off divider_structural -c divider_structural
quartus_asm --read_settings_files=off --write_settings_files=off divider_structural -c divider_structural
quartus_sta divider_structural -c divider_structural
quartus_pow --read_settings_files=on --write_settings_files=off divider_structural -c divider_structural



